yata@sdmdev2:~$ python3 -m pip install --upgrade pip
error: externally-managed-environment

× This environment is externally managed
╰─> To install Python packages system-wide, try apt install
    python3-xyz, where xyz is the package you are trying to
    install.
    
    If you wish to install a non-Debian-packaged Python package,
    create a virtual environment using python3 -m venv path/to/venv.
    Then use path/to/venv/bin/python and path/to/venv/bin/pip. Make
    sure you have python3-full installed.
    
    If you wish to install a non-Debian packaged Python application,
    it may be easiest to use pipx install xyz, which will manage a
    virtual environment for you. Make sure you have pipx installed.
    
    See /usr/share/doc/python3.12/README.venv for more information.

note: If you believe this is a mistake, please contact your Python installation or OS distribution provider. You can override this, at the risk of breaking your Python installation or OS, by passing --break-system-packages.
hint: See PEP 668 for the detailed specification.
yata@sdmdev2:~$ sudo apt update && sudo apt upgrade -y
[sudo] password for yata: 
Get:1 http://security.ubuntu.com/ubuntu noble-security InRelease [126 kB]
Hit:2 http://jp.archive.ubuntu.com/ubuntu noble InRelease                     
Get:3 https://pkgs.tailscale.com/stable/ubuntu focal InRelease                 
Get:4 http://jp.archive.ubuntu.com/ubuntu noble-updates InRelease [126 kB]     
Get:5 http://security.ubuntu.com/ubuntu noble-security/main amd64 Packages [748 kB]
Hit:6 http://jp.archive.ubuntu.com/ubuntu noble-backports InRelease  
Get:7 http://security.ubuntu.com/ubuntu noble-security/universe amd64 Packages [830 kB]
Get:8 http://jp.archive.ubuntu.com/ubuntu noble-updates/main amd64 Packages [992 kB]
Get:9 http://jp.archive.ubuntu.com/ubuntu noble-updates/universe amd64 Packages [1,054 kB]
Fetched 3,883 kB in 4s (1,079 kB/s)                        
Reading package lists... Done
Building dependency tree... Done
Reading state information... Done
32 packages can be upgraded. Run 'apt list --upgradable' to see them.
Reading package lists... Done
Building dependency tree... Done
Reading state information... Done
Calculating upgrade... Done
The following packages were automatically installed and are no longer required:
  libllvm17t64 linux-headers-6.8.0-48 linux-headers-6.8.0-48-generic
  linux-headers-6.8.0-49 linux-headers-6.8.0-49-generic
  linux-image-6.8.0-48-generic linux-image-6.8.0-49-generic
  linux-modules-6.8.0-48-generic linux-modules-6.8.0-49-generic
  linux-modules-extra-6.8.0-48-generic linux-modules-extra-6.8.0-49-generic
  linux-tools-6.8.0-48 linux-tools-6.8.0-48-generic linux-tools-6.8.0-49
  linux-tools-6.8.0-49-generic
Use 'sudo apt autoremove' to remove them.
Get another security update through Ubuntu Pro with 'esm-apps' enabled:
  docker.io
Learn more about Ubuntu Pro at https://ubuntu.com/pro
The following upgrades have been deferred due to phasing:
  gir1.2-gtk-3.0 gtk-update-icon-cache libgtk-3-0t64 libgtk-3-bin
  libgtk-3-common ubuntu-drivers-common
The following packages will be upgraded:
  gir1.2-javascriptcoregtk-4.1 gir1.2-javascriptcoregtk-6.0 gir1.2-mutter-14
  gir1.2-soup-3.0 gir1.2-webkit-6.0 gir1.2-webkit2-4.1
  libjavascriptcoregtk-4.1-0 libjavascriptcoregtk-6.0-1 libmutter-14-0
  libperl5.38t64 libprotobuf32t64 libsoup-2.4-1 libsoup-3.0-0
  libsoup-3.0-common libsoup2.4-common libwebkit2gtk-4.1-0 libwebkitgtk-6.0-4
  mutter-common mutter-common-bin pci.ids perl perl-base perl-modules-5.38
  python3-software-properties software-properties-common
  software-properties-gtk
26 upgraded, 0 newly installed, 0 to remove and 6 not upgraded.
18 standard LTS security updates
Need to get 85.1 MB of archives.
After this operation, 44.0 kB of additional disk space will be used.
Get:1 http://jp.archive.ubuntu.com/ubuntu noble-updates/main amd64 libperl5.38t64 amd64 5.38.2-3.2ubuntu0.1 [4,871 kB]
Get:2 http://jp.archive.ubuntu.com/ubuntu noble-updates/main amd64 perl amd64 5.38.2-3.2ubuntu0.1 [231 kB]
Get:3 http://jp.archive.ubuntu.com/ubuntu noble-updates/main amd64 perl-base amd64 5.38.2-3.2ubuntu0.1 [1,827 kB]
Get:4 http://jp.archive.ubuntu.com/ubuntu noble-updates/main amd64 perl-modules-5.38 all 5.38.2-3.2ubuntu0.1 [3,110 kB]
Get:5 http://jp.archive.ubuntu.com/ubuntu noble-updates/main amd64 pci.ids all 0.0~2024.03.31-1ubuntu0.1 [275 kB]
Get:6 http://jp.archive.ubuntu.com/ubuntu noble-updates/main amd64 gir1.2-webkit2-4.1 amd64 2.48.1-0ubuntu0.24.04.1 [105 kB]
Get:7 http://jp.archive.ubuntu.com/ubuntu noble-updates/main amd64 gir1.2-javascriptcoregtk-4.1 amd64 2.48.1-0ubuntu0.24.04.1 [38.4 kB]
Get:8 http://jp.archive.ubuntu.com/ubuntu noble-updates/main amd64 libwebkit2gtk-4.1-0 amd64 2.48.1-0ubuntu0.24.04.1 [26.8 MB]
Get:9 http://jp.archive.ubuntu.com/ubuntu noble-updates/main amd64 libjavascriptcoregtk-4.1-0 amd64 2.48.1-0ubuntu0.24.04.1 [8,948 kB]
Get:10 http://jp.archive.ubuntu.com/ubuntu noble-updates/main amd64 gir1.2-soup-3.0 amd64 3.4.4-5ubuntu0.2 [22.5 kB]
Get:11 http://jp.archive.ubuntu.com/ubuntu noble-updates/main amd64 libsoup-3.0-common all 3.4.4-5ubuntu0.2 [10.6 kB]
Get:12 http://jp.archive.ubuntu.com/ubuntu noble-updates/main amd64 libsoup-3.0-0 amd64 3.4.4-5ubuntu0.2 [287 kB]
Get:13 http://jp.archive.ubuntu.com/ubuntu noble-updates/main amd64 gir1.2-webkit-6.0 amd64 2.48.1-0ubuntu0.24.04.1 [68.1 kB]
Get:14 http://jp.archive.ubuntu.com/ubuntu noble-updates/main amd64 gir1.2-javascriptcoregtk-6.0 amd64 2.48.1-0ubuntu0.24.04.1 [38.2 kB]
Get:15 http://jp.archive.ubuntu.com/ubuntu noble-updates/main amd64 libwebkitgtk-6.0-4 amd64 2.48.1-0ubuntu0.24.04.1 [26.5 MB]
Get:16 http://jp.archive.ubuntu.com/ubuntu noble-updates/main amd64 libjavascriptcoregtk-6.0-1 amd64 2.48.1-0ubuntu0.24.04.1 [8,948 kB]
Get:17 http://jp.archive.ubuntu.com/ubuntu noble-updates/main amd64 mutter-common all 46.2-1ubuntu0.24.04.7 [49.7 kB]
Get:18 http://jp.archive.ubuntu.com/ubuntu noble-updates/main amd64 gir1.2-mutter-14 amd64 46.2-1ubuntu0.24.04.7 [131 kB]
Get:19 http://jp.archive.ubuntu.com/ubuntu noble-updates/main amd64 libmutter-14-0 amd64 46.2-1ubuntu0.24.04.7 [1,391 kB]
Get:20 http://jp.archive.ubuntu.com/ubuntu noble-updates/main amd64 mutter-common-bin amd64 46.2-1ubuntu0.24.04.7 [52.9 kB]
Get:21 http://jp.archive.ubuntu.com/ubuntu noble-updates/main amd64 libprotobuf32t64 amd64 3.21.12-8.2ubuntu0.1 [922 kB]
Get:22 http://jp.archive.ubuntu.com/ubuntu noble-updates/main amd64 libsoup2.4-common all 2.74.3-6ubuntu1.2 [8,592 B]
Get:23 http://jp.archive.ubuntu.com/ubuntu noble-updates/main amd64 libsoup-2.4-1 amd64 2.74.3-6ubuntu1.2 [282 kB]
Get:24 http://jp.archive.ubuntu.com/ubuntu noble-updates/main amd64 software-properties-common all 0.99.49.2 [14.4 kB]
Get:25 http://jp.archive.ubuntu.com/ubuntu noble-updates/main amd64 software-properties-gtk all 0.99.49.2 [83.2 kB]
Get:26 http://jp.archive.ubuntu.com/ubuntu noble-updates/main amd64 python3-software-properties all 0.99.49.2 [29.8 kB]
Fetched 85.1 MB in 10s (8,157 kB/s)                                            
(Reading database ... 290376 files and directories currently installed.)
Preparing to unpack .../libperl5.38t64_5.38.2-3.2ubuntu0.1_amd64.deb ...
Unpacking libperl5.38t64:amd64 (5.38.2-3.2ubuntu0.1) over (5.38.2-3.2build2.1) .
..
Preparing to unpack .../perl_5.38.2-3.2ubuntu0.1_amd64.deb ...
Unpacking perl (5.38.2-3.2ubuntu0.1) over (5.38.2-3.2build2.1) ...
Preparing to unpack .../perl-base_5.38.2-3.2ubuntu0.1_amd64.deb ...
Unpacking perl-base (5.38.2-3.2ubuntu0.1) over (5.38.2-3.2build2.1) ...
Setting up perl-base (5.38.2-3.2ubuntu0.1) ...
(Reading database ... 290376 files and directories currently installed.)
Preparing to unpack .../00-perl-modules-5.38_5.38.2-3.2ubuntu0.1_all.deb ...
Unpacking perl-modules-5.38 (5.38.2-3.2ubuntu0.1) over (5.38.2-3.2build2.1) ...
Preparing to unpack .../01-pci.ids_0.0~2024.03.31-1ubuntu0.1_all.deb ...
Unpacking pci.ids (0.0~2024.03.31-1ubuntu0.1) over (0.0~2024.03.31-1) ...
Preparing to unpack .../02-gir1.2-webkit2-4.1_2.48.1-0ubuntu0.24.04.1_amd64.deb 
...
Unpacking gir1.2-webkit2-4.1:amd64 (2.48.1-0ubuntu0.24.04.1) over (2.48.0-0ubunt
u0.24.04.1) ...
Preparing to unpack .../03-gir1.2-javascriptcoregtk-4.1_2.48.1-0ubuntu0.24.04.1_
amd64.deb ...
Unpacking gir1.2-javascriptcoregtk-4.1:amd64 (2.48.1-0ubuntu0.24.04.1) over (2.4
8.0-0ubuntu0.24.04.1) ...
Preparing to unpack .../04-libwebkit2gtk-4.1-0_2.48.1-0ubuntu0.24.04.1_amd64.deb
 ...
Unpacking libwebkit2gtk-4.1-0:amd64 (2.48.1-0ubuntu0.24.04.1) over (2.48.0-0ubun
tu0.24.04.1) ...
Preparing to unpack .../05-libjavascriptcoregtk-4.1-0_2.48.1-0ubuntu0.24.04.1_am
d64.deb ...
Unpacking libjavascriptcoregtk-4.1-0:amd64 (2.48.1-0ubuntu0.24.04.1) over (2.48.
0-0ubuntu0.24.04.1) ...
Preparing to unpack .../06-gir1.2-soup-3.0_3.4.4-5ubuntu0.2_amd64.deb ...
Unpacking gir1.2-soup-3.0:amd64 (3.4.4-5ubuntu0.2) over (3.4.4-5ubuntu0.1) ...
Preparing to unpack .../07-libsoup-3.0-common_3.4.4-5ubuntu0.2_all.deb ...
Unpacking libsoup-3.0-common (3.4.4-5ubuntu0.2) over (3.4.4-5ubuntu0.1) ...
Preparing to unpack .../08-libsoup-3.0-0_3.4.4-5ubuntu0.2_amd64.deb ...
Unpacking libsoup-3.0-0:amd64 (3.4.4-5ubuntu0.2) over (3.4.4-5ubuntu0.1) ...
Preparing to unpack .../09-gir1.2-webkit-6.0_2.48.1-0ubuntu0.24.04.1_amd64.deb .
..
Unpacking gir1.2-webkit-6.0:amd64 (2.48.1-0ubuntu0.24.04.1) over (2.48.0-0ubuntu
0.24.04.1) ...
Preparing to unpack .../10-gir1.2-javascriptcoregtk-6.0_2.48.1-0ubuntu0.24.04.1_
amd64.deb ...
Unpacking gir1.2-javascriptcoregtk-6.0:amd64 (2.48.1-0ubuntu0.24.04.1) over (2.4
8.0-0ubuntu0.24.04.1) ...
Preparing to unpack .../11-libwebkitgtk-6.0-4_2.48.1-0ubuntu0.24.04.1_amd64.deb 
...
Unpacking libwebkitgtk-6.0-4:amd64 (2.48.1-0ubuntu0.24.04.1) over (2.48.0-0ubunt
u0.24.04.1) ...
Preparing to unpack .../12-libjavascriptcoregtk-6.0-1_2.48.1-0ubuntu0.24.04.1_am
d64.deb ...
Unpacking libjavascriptcoregtk-6.0-1:amd64 (2.48.1-0ubuntu0.24.04.1) over (2.48.
0-0ubuntu0.24.04.1) ...
Preparing to unpack .../13-mutter-common_46.2-1ubuntu0.24.04.7_all.deb ...
Unpacking mutter-common (46.2-1ubuntu0.24.04.7) over (46.2-1ubuntu0.24.04.4) ...
Preparing to unpack .../14-gir1.2-mutter-14_46.2-1ubuntu0.24.04.7_amd64.deb ...
Unpacking gir1.2-mutter-14:amd64 (46.2-1ubuntu0.24.04.7) over (46.2-1ubuntu0.24.
04.4) ...
Preparing to unpack .../15-libmutter-14-0_46.2-1ubuntu0.24.04.7_amd64.deb ...
Unpacking libmutter-14-0:amd64 (46.2-1ubuntu0.24.04.7) over (46.2-1ubuntu0.24.04
.4) ...
Preparing to unpack .../16-mutter-common-bin_46.2-1ubuntu0.24.04.7_amd64.deb ...
Unpacking mutter-common-bin (46.2-1ubuntu0.24.04.7) over (46.2-1ubuntu0.24.04.4)
 ...
Preparing to unpack .../17-libprotobuf32t64_3.21.12-8.2ubuntu0.1_amd64.deb ...
Unpacking libprotobuf32t64:amd64 (3.21.12-8.2ubuntu0.1) over (3.21.12-8.2build1)
 ...
Preparing to unpack .../18-libsoup2.4-common_2.74.3-6ubuntu1.2_all.deb ...
Unpacking libsoup2.4-common (2.74.3-6ubuntu1.2) over (2.74.3-6ubuntu1.1) ...
Preparing to unpack .../19-libsoup-2.4-1_2.74.3-6ubuntu1.2_amd64.deb ...
Unpacking libsoup-2.4-1:amd64 (2.74.3-6ubuntu1.2) over (2.74.3-6ubuntu1.1) ...
Preparing to unpack .../20-software-properties-common_0.99.49.2_all.deb ...
Unpacking software-properties-common (0.99.49.2) over (0.99.49.1) ...
Preparing to unpack .../21-software-properties-gtk_0.99.49.2_all.deb ...
Unpacking software-properties-gtk (0.99.49.2) over (0.99.49.1) ...
Preparing to unpack .../22-python3-software-properties_0.99.49.2_all.deb ...
Unpacking python3-software-properties (0.99.49.2) over (0.99.49.1) ...
Setting up libprotobuf32t64:amd64 (3.21.12-8.2ubuntu0.1) ...
Setting up pci.ids (0.0~2024.03.31-1ubuntu0.1) ...
Setting up libsoup-3.0-common (3.4.4-5ubuntu0.2) ...
Setting up mutter-common (46.2-1ubuntu0.24.04.7) ...
Setting up libjavascriptcoregtk-4.1-0:amd64 (2.48.1-0ubuntu0.24.04.1) ...
Setting up python3-software-properties (0.99.49.2) ...
Setting up libjavascriptcoregtk-6.0-1:amd64 (2.48.1-0ubuntu0.24.04.1) ...
Setting up perl-modules-5.38 (5.38.2-3.2ubuntu0.1) ...
Setting up mutter-common-bin (46.2-1ubuntu0.24.04.7) ...
Setting up libsoup2.4-common (2.74.3-6ubuntu1.2) ...
Setting up libsoup-2.4-1:amd64 (2.74.3-6ubuntu1.2) ...
Setting up libperl5.38t64:amd64 (5.38.2-3.2ubuntu0.1) ...
Setting up libsoup-3.0-0:amd64 (3.4.4-5ubuntu0.2) ...
Setting up gir1.2-javascriptcoregtk-6.0:amd64 (2.48.1-0ubuntu0.24.04.1) ...
Setting up software-properties-common (0.99.49.2) ...
Setting up gir1.2-javascriptcoregtk-4.1:amd64 (2.48.1-0ubuntu0.24.04.1) ...
Setting up perl (5.38.2-3.2ubuntu0.1) ...
Setting up gir1.2-soup-3.0:amd64 (3.4.4-5ubuntu0.2) ...
Setting up libwebkit2gtk-4.1-0:amd64 (2.48.1-0ubuntu0.24.04.1) ...
Setting up gir1.2-webkit2-4.1:amd64 (2.48.1-0ubuntu0.24.04.1) ...
Setting up libwebkitgtk-6.0-4:amd64 (2.48.1-0ubuntu0.24.04.1) ...
Setting up software-properties-gtk (0.99.49.2) ...
Setting up gir1.2-webkit-6.0:amd64 (2.48.1-0ubuntu0.24.04.1) ...
Processing triggers for desktop-file-utils (0.27-2build1) ...
Processing triggers for hicolor-icon-theme (0.17-2) ...
Processing triggers for gnome-menus (3.36.0-1.1ubuntu3) ...
Processing triggers for libc-bin (2.39-0ubuntu8.4) ...
Processing triggers for man-db (2.12.0-4build2) ...
Processing triggers for libglib2.0-0t64:amd64 (2.80.0-6ubuntu3.2) ...
Setting up libmutter-14-0:amd64 (46.2-1ubuntu0.24.04.7) ...
Processing triggers for dbus (1.14.10-4ubuntu4.1) ...
Processing triggers for shared-mime-info (2.4-4) ...
Setting up gir1.2-mutter-14:amd64 (46.2-1ubuntu0.24.04.7) ...
Processing triggers for libc-bin (2.39-0ubuntu8.4) ...
Scanning processes...                                                           
Scanning candidates...                                                          
Scanning processor microcode...                                                 
Scanning linux images...                                                        

Pending kernel upgrade!
Running kernel version:
  6.8.0-52-generic
Diagnostics:
  The currently running kernel version is not the expected kernel version
6.8.0-57-generic.

Restarting the system to load the new kernel will not be handled automatically,
so you should consider rebooting.


Pending processor microcode upgrade!
Diagnostics:
  The currently running processor microcode revision is 0x012b which is not the
expected microcode revision 0x012c.

Restarting the system to load the new kernel will not be handled automatically,
so you should consider rebooting.

Restarting services...
 systemctl restart cups.service

Service restarts being deferred:
 systemctl restart NetworkManager.service
 /etc/needrestart/restart.d/dbus.service
 systemctl restart docker.service
 systemctl restart gdm.service
 systemctl restart systemd-logind.service
 systemctl restart unattended-upgrades.service

No containers need to be restarted.

User sessions running outdated binaries:
 user @ user manager service: gnome-session-b[55876], systemd[55681]
 yata @ user manager service: gnome-session-b[53282], gnome-shell[53310],
  systemd[53087], update-manager[54213]

No VM guests are running outdated hypervisor (qemu) binaries on this host.
yata@sdmdev2:~$ sudo apt install -y libnss3-tools ca-certificates
[sudo] password for yata: 
Reading package lists... Done
Building dependency tree... Done
Reading state information... Done
ca-certificates is already the newest version (20240203).
ca-certificates set to manually installed.
The following packages were automatically installed and are no longer required:
  libllvm17t64 linux-headers-6.8.0-48 linux-headers-6.8.0-48-generic
  linux-headers-6.8.0-49 linux-headers-6.8.0-49-generic
  linux-image-6.8.0-48-generic linux-image-6.8.0-49-generic
  linux-modules-6.8.0-48-generic linux-modules-6.8.0-49-generic
  linux-modules-extra-6.8.0-48-generic linux-modules-extra-6.8.0-49-generic
  linux-tools-6.8.0-48 linux-tools-6.8.0-48-generic linux-tools-6.8.0-49
  linux-tools-6.8.0-49-generic
Use 'sudo apt autoremove' to remove them.
The following NEW packages will be installed:
  libnss3-tools
0 upgraded, 1 newly installed, 0 to remove and 6 not upgraded.
Need to get 615 kB of archives.
After this operation, 2,193 kB of additional disk space will be used.
Get:1 http://jp.archive.ubuntu.com/ubuntu noble/main amd64 libnss3-tools amd64 2:3.98-1build1 [615 kB]
Fetched 615 kB in 2s (386 kB/s)        
Selecting previously unselected package libnss3-tools.
(Reading database ... 290376 files and directories currently installed.)
Preparing to unpack .../libnss3-tools_2%3a3.98-1build1_amd64.deb ...
Unpacking libnss3-tools (2:3.98-1build1) ...
Setting up libnss3-tools (2:3.98-1build1) ...
Processing triggers for man-db (2.12.0-4build2) ...
Scanning processes...                                                           
Scanning candidates...                                                          
Scanning processor microcode...                                                 
Scanning linux images...                                                        

Pending kernel upgrade!
Running kernel version:
  6.8.0-52-generic
Diagnostics:
  The currently running kernel version is not the expected kernel version
6.8.0-57-generic.

Restarting the system to load the new kernel will not be handled automatically,
so you should consider rebooting.


Pending processor microcode upgrade!
Diagnostics:
  The currently running processor microcode revision is 0x012b which is not the
expected microcode revision 0x012c.

Restarting the system to load the new kernel will not be handled automatically,
so you should consider rebooting.

Restarting services...

Service restarts being deferred:
 systemctl restart NetworkManager.service
 /etc/needrestart/restart.d/dbus.service
 systemctl restart docker.service
 systemctl restart gdm.service
 systemctl restart systemd-logind.service
 systemctl restart unattended-upgrades.service

No containers need to be restarted.

User sessions running outdated binaries:
 user @ user manager service: gnome-session-b[55876], systemd[55681]
 yata @ user manager service: gnome-session-b[53282], gnome-shell[53310],
  systemd[53087], update-manager[54213]

No VM guests are running outdated hypervisor (qemu) binaries on this host.
yata@sdmdev2:~$ python3
Python 3.12.3 (main, Feb  4 2025, 14:48:35) [GCC 13.3.0] on linux
Type "help", "copyright", "credits" or "license" for more information.
>>> exit
Use exit() or Ctrl-D (i.e. EOF) to exit
>>> 
yata@sdmdev2:~$ python3 -m venv ~/.aos/venv
The virtual environment was not created successfully because ensurepip is not
available.  On Debian/Ubuntu systems, you need to install the python3-venv
package using the following command.

    apt install python3.12-venv

You may need to use sudo with that command.  After installing the python3-venv
package, recreate your virtual environment.

Failing command: /home/yata/.aos/venv/bin/python3

yata@sdmdev2:~$ sudo apt install python3.12-venv
[sudo] password for yata: 
Reading package lists... Done
Building dependency tree... Done
Reading state information... Done
The following packages were automatically installed and are no longer required:
  libllvm17t64 linux-headers-6.8.0-48 linux-headers-6.8.0-48-generic
  linux-headers-6.8.0-49 linux-headers-6.8.0-49-generic
  linux-image-6.8.0-48-generic linux-image-6.8.0-49-generic
  linux-modules-6.8.0-48-generic linux-modules-6.8.0-49-generic
  linux-modules-extra-6.8.0-48-generic linux-modules-extra-6.8.0-49-generic
  linux-tools-6.8.0-48 linux-tools-6.8.0-48-generic linux-tools-6.8.0-49
  linux-tools-6.8.0-49-generic
Use 'sudo apt autoremove' to remove them.
The following additional packages will be installed:
  python3-pip-whl python3-setuptools-whl
The following NEW packages will be installed:
  python3-pip-whl python3-setuptools-whl python3.12-venv
0 upgraded, 3 newly installed, 0 to remove and 6 not upgraded.
Need to get 2,424 kB of archives.
After this operation, 2,771 kB of additional disk space will be used.
Do you want to continue? [Y/n] y
Get:1 http://jp.archive.ubuntu.com/ubuntu noble-updates/universe amd64 python3-pip-whl all 24.0+dfsg-1ubuntu1.1 [1,703 kB]
Get:2 http://jp.archive.ubuntu.com/ubuntu noble-updates/universe amd64 python3-setuptools-whl all 68.1.2-2ubuntu1.1 [716 kB]
Get:3 http://jp.archive.ubuntu.com/ubuntu noble-updates/universe amd64 python3.12-venv amd64 3.12.3-1ubuntu0.5 [5,678 B]
Fetched 2,424 kB in 3s (876 kB/s)
Selecting previously unselected package python3-pip-whl.
(Reading database ... 290420 files and directories currently installed.)
Preparing to unpack .../python3-pip-whl_24.0+dfsg-1ubuntu1.1_all.deb ...
Unpacking python3-pip-whl (24.0+dfsg-1ubuntu1.1) ...
Selecting previously unselected package python3-setuptools-whl.
Preparing to unpack .../python3-setuptools-whl_68.1.2-2ubuntu1.1_all.deb ...
Unpacking python3-setuptools-whl (68.1.2-2ubuntu1.1) ...
Selecting previously unselected package python3.12-venv.
Preparing to unpack .../python3.12-venv_3.12.3-1ubuntu0.5_amd64.deb ...
Unpacking python3.12-venv (3.12.3-1ubuntu0.5) ...
Setting up python3-setuptools-whl (68.1.2-2ubuntu1.1) ...
Setting up python3-pip-whl (24.0+dfsg-1ubuntu1.1) ...
Setting up python3.12-venv (3.12.3-1ubuntu0.5) ...
Scanning processes...                                                           
Scanning candidates...                                                          
Scanning processor microcode...                                                 
Scanning linux images...                                                        

Pending kernel upgrade!
Running kernel version:
  6.8.0-52-generic
Diagnostics:
  The currently running kernel version is not the expected kernel version
6.8.0-57-generic.

Restarting the system to load the new kernel will not be handled automatically,
so you should consider rebooting.


Pending processor microcode upgrade!
Diagnostics:
  The currently running processor microcode revision is 0x012b which is not the
expected microcode revision 0x012c.

Restarting the system to load the new kernel will not be handled automatically,
so you should consider rebooting.

Restarting services...

Service restarts being deferred:
 systemctl restart NetworkManager.service
 /etc/needrestart/restart.d/dbus.service
 systemctl restart docker.service
 systemctl restart gdm.service
 systemctl restart systemd-logind.service
 systemctl restart unattended-upgrades.service

No containers need to be restarted.

User sessions running outdated binaries:
 user @ user manager service: gnome-session-b[55876], systemd[55681]
 yata @ user manager service: gnome-session-b[53282], gnome-shell[53310],
  systemd[53087], update-manager[54213]

No VM guests are running outdated hypervisor (qemu) binaries on this host.
yata@sdmdev2:~$ python3 -m venv ~/.aos/venv
yata@sdmdev2:~$ ~/.aos/venv/bin/python3 -V
Python 3.12.3
yata@sdmdev2:~$ ~/.aos/venv/bin/python3 -m pip install --upgrade aos-keys aos-singer aos-prov
Collecting aos-keys
  Downloading aos_keys-1.8.0-py3-none-any.whl.metadata (2.6 kB)
ERROR: Could not find a version that satisfies the requirement aos-singer (from versions: none)
ERROR: No matching distribution found for aos-singer
yata@sdmdev2:~$ ~/.aos/venv/bin/python3 -m pip install --upgrade aos-keys aos-signer aos-prov
Collecting aos-keys
  Using cached aos_keys-1.8.0-py3-none-any.whl.metadata (2.6 kB)
Collecting aos-signer
  Downloading aos_signer-1.16.0-py3-none-any.whl.metadata (981 bytes)
Collecting aos-prov
  Downloading aos_prov-5.1.0-py3-none-any.whl.metadata (2.5 kB)
Collecting rich>=10.13 (from aos-keys)
  Downloading rich-14.0.0-py3-none-any.whl.metadata (18 kB)
Collecting requests>=2.27.0 (from aos-keys)
  Downloading requests-2.32.3-py3-none-any.whl.metadata (4.6 kB)
Collecting urllib3 (from aos-keys)
  Downloading urllib3-2.4.0-py3-none-any.whl.metadata (6.5 kB)
Collecting chardet<6.0.0,>=3.0.2 (from aos-keys)
  Downloading chardet-5.2.0-py3-none-any.whl.metadata (3.4 kB)
Collecting cryptography==42.0.4 (from aos-keys)
  Downloading cryptography-42.0.4-cp39-abi3-manylinux_2_28_x86_64.whl.metadata (5.3 kB)
Collecting cffi>=1.12 (from cryptography==42.0.4->aos-keys)
  Downloading cffi-1.17.1-cp312-cp312-manylinux_2_17_x86_64.manylinux2014_x86_64.whl.metadata (1.5 kB)
Collecting ruamel.yaml>=0.16.10 (from aos-signer)
  Downloading ruamel.yaml-0.18.10-py3-none-any.whl.metadata (23 kB)
Collecting jsonschema>=3.2.0 (from aos-signer)
  Downloading jsonschema-4.23.0-py3-none-any.whl.metadata (7.9 kB)
Collecting isoduration>=20.11.0 (from aos-signer)
  Downloading isoduration-20.11.0-py3-none-any.whl.metadata (5.7 kB)
Collecting PyJWT>=2.6.0 (from aos-signer)
  Downloading PyJWT-2.10.1-py3-none-any.whl.metadata (4.0 kB)
Collecting semver>=3.0.2 (from aos-signer)
  Downloading semver-3.0.4-py3-none-any.whl.metadata (6.8 kB)
Collecting grpcio>=1.44.0 (from aos-prov)
  Downloading grpcio-1.71.0-cp312-cp312-manylinux_2_17_x86_64.manylinux2014_x86_64.whl.metadata (3.8 kB)
Collecting protobuf<=3.20.1,>=3.14 (from aos-prov)
  Downloading protobuf-3.20.1-py2.py3-none-any.whl.metadata (720 bytes)
Collecting asn1crypto>=1.4.0 (from aos-prov)
  Downloading asn1crypto-1.5.1-py2.py3-none-any.whl.metadata (13 kB)
Collecting arrow>=0.15.0 (from isoduration>=20.11.0->aos-signer)
  Downloading arrow-1.3.0-py3-none-any.whl.metadata (7.5 kB)
Collecting attrs>=22.2.0 (from jsonschema>=3.2.0->aos-signer)
  Downloading attrs-25.3.0-py3-none-any.whl.metadata (10 kB)
Collecting jsonschema-specifications>=2023.03.6 (from jsonschema>=3.2.0->aos-signer)
  Downloading jsonschema_specifications-2024.10.1-py3-none-any.whl.metadata (3.0 kB)
Collecting referencing>=0.28.4 (from jsonschema>=3.2.0->aos-signer)
  Downloading referencing-0.36.2-py3-none-any.whl.metadata (2.8 kB)
Collecting rpds-py>=0.7.1 (from jsonschema>=3.2.0->aos-signer)
  Downloading rpds_py-0.24.0-cp312-cp312-manylinux_2_17_x86_64.manylinux2014_x86_64.whl.metadata (4.1 kB)
Collecting charset-normalizer<4,>=2 (from requests>=2.27.0->aos-keys)
  Downloading charset_normalizer-3.4.1-cp312-cp312-manylinux_2_17_x86_64.manylinux2014_x86_64.whl.metadata (35 kB)
Collecting idna<4,>=2.5 (from requests>=2.27.0->aos-keys)
  Downloading idna-3.10-py3-none-any.whl.metadata (10 kB)
Collecting certifi>=2017.4.17 (from requests>=2.27.0->aos-keys)
  Downloading certifi-2025.1.31-py3-none-any.whl.metadata (2.5 kB)
Collecting markdown-it-py>=2.2.0 (from rich>=10.13->aos-keys)
  Downloading markdown_it_py-3.0.0-py3-none-any.whl.metadata (6.9 kB)
Collecting pygments<3.0.0,>=2.13.0 (from rich>=10.13->aos-keys)
  Downloading pygments-2.19.1-py3-none-any.whl.metadata (2.5 kB)
Collecting ruamel.yaml.clib>=0.2.7 (from ruamel.yaml>=0.16.10->aos-signer)
  Downloading ruamel.yaml.clib-0.2.12-cp312-cp312-manylinux_2_17_x86_64.manylinux2014_x86_64.whl.metadata (2.7 kB)
Collecting python-dateutil>=2.7.0 (from arrow>=0.15.0->isoduration>=20.11.0->aos-signer)
  Downloading python_dateutil-2.9.0.post0-py2.py3-none-any.whl.metadata (8.4 kB)
Collecting types-python-dateutil>=2.8.10 (from arrow>=0.15.0->isoduration>=20.11.0->aos-signer)
  Downloading types_python_dateutil-2.9.0.20241206-py3-none-any.whl.metadata (2.1 kB)
Collecting pycparser (from cffi>=1.12->cryptography==42.0.4->aos-keys)
  Downloading pycparser-2.22-py3-none-any.whl.metadata (943 bytes)
Collecting mdurl~=0.1 (from markdown-it-py>=2.2.0->rich>=10.13->aos-keys)
  Downloading mdurl-0.1.2-py3-none-any.whl.metadata (1.6 kB)
Collecting typing-extensions>=4.4.0 (from referencing>=0.28.4->jsonschema>=3.2.0->aos-signer)
  Downloading typing_extensions-4.13.2-py3-none-any.whl.metadata (3.0 kB)
Collecting six>=1.5 (from python-dateutil>=2.7.0->arrow>=0.15.0->isoduration>=20.11.0->aos-signer)
  Downloading six-1.17.0-py2.py3-none-any.whl.metadata (1.7 kB)
Downloading aos_keys-1.8.0-py3-none-any.whl (21 kB)
Downloading cryptography-42.0.4-cp39-abi3-manylinux_2_28_x86_64.whl (4.6 MB)
   ━━━━━━━━━━━━━━━━━━━━━━━━━━━━━━━━━━━━━━━━ 4.6/4.6 MB 7.8 MB/s eta 0:00:00
Downloading aos_signer-1.16.0-py3-none-any.whl (30 kB)
Downloading aos_prov-5.1.0-py3-none-any.whl (79 kB)
   ━━━━━━━━━━━━━━━━━━━━━━━━━━━━━━━━━━━━━━━━ 79.9/79.9 kB 10.7 MB/s eta 0:00:00
Downloading protobuf-3.20.1-py2.py3-none-any.whl (162 kB)
   ━━━━━━━━━━━━━━━━━━━━━━━━━━━━━━━━━━━━━━━━ 162.1/162.1 kB 9.9 MB/s eta 0:00:00
Downloading asn1crypto-1.5.1-py2.py3-none-any.whl (105 kB)
   ━━━━━━━━━━━━━━━━━━━━━━━━━━━━━━━━━━━━━━━━ 105.0/105.0 kB 10.3 MB/s eta 0:00:00
Downloading chardet-5.2.0-py3-none-any.whl (199 kB)
   ━━━━━━━━━━━━━━━━━━━━━━━━━━━━━━━━━━━━━━━━ 199.4/199.4 kB 10.3 MB/s eta 0:00:00
Downloading grpcio-1.71.0-cp312-cp312-manylinux_2_17_x86_64.manylinux2014_x86_64.whl (5.9 MB)
   ━━━━━━━━━━━━━━━━━━━━━━━━━━━━━━━━━━━━━━━━ 5.9/5.9 MB 11.2 MB/s eta 0:00:00
Downloading isoduration-20.11.0-py3-none-any.whl (11 kB)
Downloading jsonschema-4.23.0-py3-none-any.whl (88 kB)
   ━━━━━━━━━━━━━━━━━━━━━━━━━━━━━━━━━━━━━━━━ 88.5/88.5 kB 9.7 MB/s eta 0:00:00
Downloading PyJWT-2.10.1-py3-none-any.whl (22 kB)
Downloading requests-2.32.3-py3-none-any.whl (64 kB)
   ━━━━━━━━━━━━━━━━━━━━━━━━━━━━━━━━━━━━━━━━ 64.9/64.9 kB 9.9 MB/s eta 0:00:00
Downloading rich-14.0.0-py3-none-any.whl (243 kB)
   ━━━━━━━━━━━━━━━━━━━━━━━━━━━━━━━━━━━━━━━━ 243.2/243.2 kB 10.3 MB/s eta 0:00:00
Downloading ruamel.yaml-0.18.10-py3-none-any.whl (117 kB)
   ━━━━━━━━━━━━━━━━━━━━━━━━━━━━━━━━━━━━━━━━ 117.7/117.7 kB 9.1 MB/s eta 0:00:00
Downloading semver-3.0.4-py3-none-any.whl (17 kB)
Downloading urllib3-2.4.0-py3-none-any.whl (128 kB)
   ━━━━━━━━━━━━━━━━━━━━━━━━━━━━━━━━━━━━━━━━ 128.7/128.7 kB 8.8 MB/s eta 0:00:00
Downloading arrow-1.3.0-py3-none-any.whl (66 kB)
   ━━━━━━━━━━━━━━━━━━━━━━━━━━━━━━━━━━━━━━━━ 66.4/66.4 kB 8.7 MB/s eta 0:00:00
Downloading attrs-25.3.0-py3-none-any.whl (63 kB)
   ━━━━━━━━━━━━━━━━━━━━━━━━━━━━━━━━━━━━━━━━ 63.8/63.8 kB 8.4 MB/s eta 0:00:00
Downloading certifi-2025.1.31-py3-none-any.whl (166 kB)
   ━━━━━━━━━━━━━━━━━━━━━━━━━━━━━━━━━━━━━━━━ 166.4/166.4 kB 10.0 MB/s eta 0:00:00
Downloading cffi-1.17.1-cp312-cp312-manylinux_2_17_x86_64.manylinux2014_x86_64.whl (479 kB)
   ━━━━━━━━━━━━━━━━━━━━━━━━━━━━━━━━━━━━━━━━ 479.4/479.4 kB 10.8 MB/s eta 0:00:00
Downloading charset_normalizer-3.4.1-cp312-cp312-manylinux_2_17_x86_64.manylinux2014_x86_64.whl (145 kB)
   ━━━━━━━━━━━━━━━━━━━━━━━━━━━━━━━━━━━━━━━━ 145.3/145.3 kB 10.9 MB/s eta 0:00:00
Downloading idna-3.10-py3-none-any.whl (70 kB)
   ━━━━━━━━━━━━━━━━━━━━━━━━━━━━━━━━━━━━━━━━ 70.4/70.4 kB 9.2 MB/s eta 0:00:00
Downloading jsonschema_specifications-2024.10.1-py3-none-any.whl (18 kB)
Downloading markdown_it_py-3.0.0-py3-none-any.whl (87 kB)
   ━━━━━━━━━━━━━━━━━━━━━━━━━━━━━━━━━━━━━━━━ 87.5/87.5 kB 11.2 MB/s eta 0:00:00
Downloading pygments-2.19.1-py3-none-any.whl (1.2 MB)
   ━━━━━━━━━━━━━━━━━━━━━━━━━━━━━━━━━━━━━━━━ 1.2/1.2 MB 10.4 MB/s eta 0:00:00
Downloading referencing-0.36.2-py3-none-any.whl (26 kB)
Downloading rpds_py-0.24.0-cp312-cp312-manylinux_2_17_x86_64.manylinux2014_x86_64.whl (393 kB)
   ━━━━━━━━━━━━━━━━━━━━━━━━━━━━━━━━━━━━━━━━ 393.7/393.7 kB 9.9 MB/s eta 0:00:00
Downloading ruamel.yaml.clib-0.2.12-cp312-cp312-manylinux_2_17_x86_64.manylinux2014_x86_64.whl (754 kB)
   ━━━━━━━━━━━━━━━━━━━━━━━━━━━━━━━━━━━━━━━━ 754.1/754.1 kB 11.1 MB/s eta 0:00:00
Downloading mdurl-0.1.2-py3-none-any.whl (10.0 kB)
Downloading python_dateutil-2.9.0.post0-py2.py3-none-any.whl (229 kB)
   ━━━━━━━━━━━━━━━━━━━━━━━━━━━━━━━━━━━━━━━━ 229.9/229.9 kB 9.7 MB/s eta 0:00:00
Downloading types_python_dateutil-2.9.0.20241206-py3-none-any.whl (14 kB)
Downloading typing_extensions-4.13.2-py3-none-any.whl (45 kB)
   ━━━━━━━━━━━━━━━━━━━━━━━━━━━━━━━━━━━━━━━━ 45.8/45.8 kB 10.2 MB/s eta 0:00:00
Downloading pycparser-2.22-py3-none-any.whl (117 kB)
   ━━━━━━━━━━━━━━━━━━━━━━━━━━━━━━━━━━━━━━━━ 117.6/117.6 kB 10.1 MB/s eta 0:00:00
Downloading six-1.17.0-py2.py3-none-any.whl (11 kB)
Installing collected packages: asn1crypto, urllib3, typing-extensions, types-python-dateutil, six, semver, ruamel.yaml.clib, rpds-py, PyJWT, pygments, pycparser, protobuf, mdurl, idna, grpcio, charset-normalizer, chardet, certifi, attrs, ruamel.yaml, requests, referencing, python-dateutil, markdown-it-py, cffi, rich, jsonschema-specifications, cryptography, arrow, jsonschema, isoduration, aos-keys, aos-signer, aos-prov
Successfully installed PyJWT-2.10.1 aos-keys-1.8.0 aos-prov-5.1.0 aos-signer-1.16.0 arrow-1.3.0 asn1crypto-1.5.1 attrs-25.3.0 certifi-2025.1.31 cffi-1.17.1 chardet-5.2.0 charset-normalizer-3.4.1 cryptography-42.0.4 grpcio-1.71.0 idna-3.10 isoduration-20.11.0 jsonschema-4.23.0 jsonschema-specifications-2024.10.1 markdown-it-py-3.0.0 mdurl-0.1.2 protobuf-3.20.1 pycparser-2.22 pygments-2.19.1 python-dateutil-2.9.0.post0 referencing-0.36.2 requests-2.32.3 rich-14.0.0 rpds-py-0.24.0 ruamel.yaml-0.18.10 ruamel.yaml.clib-0.2.12 semver-3.0.4 six-1.17.0 types-python-dateutil-2.9.0.20241206 typing-extensions-4.13.2 urllib3-2.4.0
yata@sdmdev2:~$ ~/.aos/venv/bin/python3 -m aos_keys install-root
Empty users certificate DB has been successfully created
To install system root certificate execute next command:
sudo ~/.aos/scripts/install_aos_root_ca.sh

yata@sdmdev2:~$ sudo ~/.aos/scripts/install_aos_root_ca.sh
[sudo] password for yata: 
Updating certificates in /etc/ssl/certs...
rehash: warning: skipping ca-certificates.crt,it does not contain exactly one certificate or CRL
2 added, 0 removed; done.
Running hooks in /etc/ca-certificates/update.d...
done.
yata@sdmdev2:~$ sudo ~/.aos/scripts/install_aos_root_ca.sh
Updating certificates in /etc/ssl/certs...
0 added, 0 removed; done.
Running hooks in /etc/ca-certificates/update.d...
done.
yata@sdmdev2:~$ 
yata@sdmdev2:~$ 
yata@sdmdev2:~$ 
yata@sdmdev2:~$ ifconfig
Command 'ifconfig' not found, but can be installed with:
sudo apt install net-tools
yata@sdmdev2:~$ sudo apt install net-tools
[sudo] password for yata: 
Reading package lists... Done
Building dependency tree... Done
Reading state information... Done
The following packages were automatically installed and are no longer required:
  libllvm17t64 linux-headers-6.8.0-48 linux-headers-6.8.0-48-generic
  linux-headers-6.8.0-49 linux-headers-6.8.0-49-generic
  linux-image-6.8.0-48-generic linux-image-6.8.0-49-generic
  linux-modules-6.8.0-48-generic linux-modules-6.8.0-49-generic
  linux-modules-extra-6.8.0-48-generic linux-modules-extra-6.8.0-49-generic
  linux-tools-6.8.0-48 linux-tools-6.8.0-48-generic linux-tools-6.8.0-49
  linux-tools-6.8.0-49-generic
Use 'sudo apt autoremove' to remove them.
The following NEW packages will be installed:
  net-tools
0 upgraded, 1 newly installed, 0 to remove and 6 not upgraded.
Need to get 204 kB of archives.
After this operation, 811 kB of additional disk space will be used.
Get:1 http://jp.archive.ubuntu.com/ubuntu noble/main amd64 net-tools amd64 2.10-0.1ubuntu4 [204 kB]
Fetched 204 kB in 2s (103 kB/s)                          
Selecting previously unselected package net-tools.
(Reading database ... 290436 files and directories currently installed.)
Preparing to unpack .../net-tools_2.10-0.1ubuntu4_amd64.deb ...
Unpacking net-tools (2.10-0.1ubuntu4) ...
Setting up net-tools (2.10-0.1ubuntu4) ...
Processing triggers for man-db (2.12.0-4build2) ...
Scanning processes...                                                           
Scanning candidates...                                                          
Scanning processor microcode...                                                 
Scanning linux images...                                                        

Pending kernel upgrade!
Running kernel version:
  6.8.0-52-generic
Diagnostics:
  The currently running kernel version is not the expected kernel version
6.8.0-57-generic.

Restarting the system to load the new kernel will not be handled automatically,
so you should consider rebooting.


Pending processor microcode upgrade!
Diagnostics:
  The currently running processor microcode revision is 0x012b which is not the
expected microcode revision 0x012c.

Restarting the system to load the new kernel will not be handled automatically,
so you should consider rebooting.

Restarting services...

Service restarts being deferred:
 systemctl restart NetworkManager.service
 /etc/needrestart/restart.d/dbus.service
 systemctl restart docker.service
 systemctl restart gdm.service
 systemctl restart systemd-logind.service
 systemctl restart unattended-upgrades.service

No containers need to be restarted.

User sessions running outdated binaries:
 user @ user manager service: gnome-session-b[55876], systemd[55681]
 yata @ user manager service: gnome-session-b[53282], gnome-shell[53310],
  systemd[53087], update-manager[54213]

No VM guests are running outdated hypervisor (qemu) binaries on this host.
yata@sdmdev2:~$ ~/.aos/venv/bin/python3 -m aos_keys new-user -d api.aoscloud.io -t 7cdc4fa3e74db9eb4e0b88d7699364aff6802201 --oem
File /home/yata/.aos/security/aos-user-oem.p12 created
Done!
We are going to import your private key and certificate to browsers databases.
pk12util: no nickname for cert in PKCS12 file.
pk12util: using nickname: oem-m.yata@scsk.jp - EPAM
pk12util: PKCS12 IMPORT SUCCESSFUL
pk12util: no nickname for cert in PKCS12 file.
pk12util: using nickname: oem-m.yata@scsk.jp - EPAM
pk12util: PKCS12 IMPORT SUCCESSFUL
yata@sdmdev2:~$ ~/.aos/venv/bin/python3 -m aos_keys new-user -d api.aoscloud.io -t 3ed55a2b854ff2bc93425423077255556f39f6c9 --sp
File /home/yata/.aos/security/aos-user-sp.p12 created
Done!
We are going to import your private key and certificate to browsers databases.
pk12util: no nickname for cert in PKCS12 file.
pk12util: using nickname: sp-m.yata@scsk.jp - EPAM
pk12util: PKCS12 IMPORT SUCCESSFUL
pk12util: no nickname for cert in PKCS12 file.
pk12util: using nickname: sp-m.yata@scsk.jp - EPAM
pk12util: PKCS12 IMPORT SUCCESSFUL
yata@sdmdev2:~$ ls ~/.aos/security/
aos-user-oem.p12  aos-user-sp.p12
yata@sdmdev2:~$ ~/.aos/venv/bin/python3 -m aos_keys info --oem
                       Certificate info                       
┌──────────────────┬─────────────────────────────────────────┐
│File:             │/home/yata/.aos/security/aos-user-oem.p12│
│Aos base domain:  │aoscloud.io                              │
│Serial number:    │67FDF1800000E0C4                         │
│User:             │oem-m.yata@scsk.jp                       │
│e-mail:           │m.yata@scsk.jp                           │
│Company name:     │OEM m.yata@scsk.jp                       │
│Valid not before: │2025-04-15 14:41:20+09:00                │
│Valid not after:  │2035-04-13 14:41:20+09:00                │
└──────────────────┴─────────────────────────────────────────┘
               Cloud user info               
┌────────────────────────┬──────────────────┐
│User name:              │oem-m.yata@scsk.jp│
│email:                  │m.yata@scsk.jp    │
│role:                   │oem               │
│OEM Title:              │OEM m.yata@scsk.jp│
│Fleets:                 │Default           │
│Permission groups:      │oem_management    │
│Standalone permissions: │auto_provisioning │
│                        │manage_fleet_owner│
│                        │manage_oem_user   │
└────────────────────────┴──────────────────┘
yata@sdmdev2:~$ ~/.aos/venv/bin/python3 -m aos_keys info --sp
                      Certificate info                       
┌──────────────────┬────────────────────────────────────────┐
│File:             │/home/yata/.aos/security/aos-user-sp.p12│
│Aos base domain:  │aoscloud.io                             │
│Serial number:    │67FDF2CE0003EB68                        │
│User:             │sp-m.yata@scsk.jp                       │
│e-mail:           │m.yata@scsk.jp                          │
│Company name:     │SP m.yata@scsk.jp                       │
│Valid not before: │2025-04-15 14:46:54+09:00               │
│Valid not after:  │2035-04-13 14:46:54+09:00               │
└──────────────────┴────────────────────────────────────────┘
              Cloud user info               
┌────────────────────────┬─────────────────┐
│User name:              │sp-m.yata@scsk.jp│
│email:                  │m.yata@scsk.jp   │
│role:                   │service provider │
│SP Title:               │SP m.yata@scsk.jp│
│Permission groups:      │sp_management    │
│Standalone permissions: │manage_sp_user   │
└────────────────────────┴─────────────────┘
yata@sdmdev2:~$ ~/.aos/venv/bin/python3 -m aos_keys info --fleet
ERROR: Certificate file /home/yata/.aos/security/aos-user-fleet.p12 not found!
yata@sdmdev2:~$ ls
Desktop    Downloads  memo.txt  MyAosRasp  Public  Templates
Documents  memo       Music     Pictures   snap    Videos
yata@sdmdev2:~$ ls -a
.              .cache     .local     .pki             .sudo_as_admin_successful
..             .config    memo       .profile         Templates
.aos           Desktop    memo.txt   Public           Videos
.bash_history  Documents  Music      .python_history  .viminfo
.bash_logout   Downloads  MyAosRasp  snap
.bashrc        .gnupg     Pictures   .ssh
yata@sdmdev2:~$ cd .aos
yata@sdmdev2:~/.aos$ ls
scripts  security  venv
yata@sdmdev2:~/.aos$ cd scripts
yata@sdmdev2:~/.aos/scripts$ ls
install_aos_root_ca.sh
yata@sdmdev2:~/.aos/scripts$ cd ..
yata@sdmdev2:~/.aos$ cd ..
yata@sdmdev2:~$ aos-prov provision -u 172.16.1.30
aos-prov: command not found
yata@sdmdev2:~$ 
yata@sdmdev2:~$ 
yata@sdmdev2:~$ ~/.aos/venv/bin/python3 pip install aos-prov
/home/yata/.aos/venv/bin/python3: can't open file '/home/yata/pip': [Errno 2] No such file or directory
yata@sdmdev2:~$ history
    1  ls /home
    2  cd /home/test1
    3  ls -a
    4  ls -a ../yata
    5  cat .bash_logout
    6  cat .bashrc
    7  cd ..
    8  sudo rm -rf /home/test1
    9  ls
   10  cd yata
   11  sudo apt update
   12  exit
   13  sudoapt update
   14  sudo apt update && sudo apt install -y rpi-imager
   15  ssh-keygen -t ed25519 -C m.yata@scsk.jp
   16  ls -l .ssh/
   17  cat .ssh/id_ed25519.pub
   18  ssh -T git@github.com
   19  rpi-imager --repo https://raw.githubusercontent.com/aosedge/meta-aos-rpi/main/os_list.json
   20  sudo apt install jq
   21  curl https://raw.githubusercontent.com/aosedge/meta-aos-rpi/main/os_list.json | jq
   22  mkdir myAosRasp && cd myAosRasp && git clone https://raw.githubusercontent.com/aosedge/meta-aos-rpi.git
   23  git clone https://git@github.com/aosedge/meta-aos-rpi.git
   24  ls
   25  cd ..
   26  ls
   27  mv myAosRasp MyAosRasp
   28  ls
   29  cd MyAosRasp
   30  ls
   31  cd meta-aos-rpi
   32  ls
   33  cat aps-rpi.yaml
   34  cat aos-rpi.yaml
   35  cd ..
   36  git clone https://git@github.com/aosedge/aos-sdk.git
   37  git clone https://git@github.com/aosedge/meta-aos-vm.git
   38  ls
   39  sudo apt install minicom
   40  cd meta-aos-rpi
   41  ls
   42  cat os_list.json
   43  sudo apt install screen
   44  cd ..
   45  git clone https://git@github.com/aosedge/meta-aos-sdk.git
   46  ls
   47  find . -type f -iname "*prov*"
   48  git clone https://git@github.com/aosedge/meta-aos.git
   49  sudo apt install curl wget jq unzip tar gzip wz-utils python3 python3-pip build-essential libssl-dev libncurses5-dev zlib1g-dev device-tree-compiler
   50  sudo apt install curl wget jq unzip tar gzip xz-utils python3 python3-pip build-essential libssl-dev libncurses5-dev zlib1g-dev device-tree-compiler
   51  df -h
   52  sudo apt install docker.io
   53  sudo systemctl enable --now docker
   54  ps
   55  ps -a
   56  sudo usermod -aG docker $USER
   57  reboot
   58  ls
   59  cd meta-aos-rpi
   60  ls
   61  ls scripts
   62  less scripts/image_archive.sh
   63  ls -a
   64  cd doc
   65  ls
   66  cd pictures
   67  ls
   68  sudo install imagemagick
   69  sudo apt install imagemagick
   70  ls
   71  display architecture.svg
   72  display install_step_1.png
   73  cd ..
   74  ls
   75  less build.md
   76  less docker.md
   77  cd ..
   78  ls
   79  cd meta-aos-rpi-domd
   80  ls
   81  tree -l 2
   82  sudo snap install tree
   83  ls 
   84  cd recipes-aos
   85  ls
   86  cd ..
   87  ls
   88  cd conf
   89  ls
   90  cat layer.conf
   91  cd ..
   92  ls
   93  cd ..
   94  ls
   95  cd meta-aos-rpi-install
   96  ls
   97  cd recipes-core
   98  ls
   99  cd images
  100  ls
  101  cat aos-install-initramfs.bb
  102  less aos-install-initramfs.bb
  103  tailscale status
  104  ssh user@100.119.236.109
  105  history
  106  cd
  107  history
  108  less history
  109  history | less
  110  rpi-imager --repo https://raw.githubusercontent.com/aosedge/meta-aos-rpi/main/os_list.json
  111  lsblk
  112  lsusb
  113  rpi-imager --repo https://raw.githubusercontent.com/aosedge/meta-aos-rpi/main/os_list.json
  114  lsblk
  115  sudo fdisk -l /dev/sda
  116  sudo umount /dev/sda1
  117  sudo umount /dev/sda
  118  udiskctl power-off -b /dev/sda
  119  udisksctl power-off -b /dev/sda
  120  df -h
  121  lsblk
  122  sudo fdisk -l /dev/sda
  123  lsblk
  124  rpi-imager --repo https://raw.githubusercontent.com/aosedge/meta-aos-rpi/main/os_list.json
  125  lsusb
  126  df -h
  127  sudo fdisk -l /dev/sda
  128  lsusb
  129  df
  130  lsblk
  131  lsusb
  132  df -h
  133  rpi-imager --repo https://raw.githubusercontent.com/aosedge/meta-aos-rpi/main/os_list.json
  134  sudo apt install nmap
  135  ps -a
  136  kill 63953
  137  lsusb
  138  history
  139  rpi-imager --repo https://raw.githubusercontent.com/aosedge/meta-aos-rpi/main/os_list.json
  140  dmesg | grep tty
  141  sudo dmesg | grep tty
  142  sudo minicom -s
  143  minicom
  144  history
  145  minicom -s
  146  sudo dmesg
  147  sudo dmesg | tty
  148  lsusb
  149  exit
  150  history
  151  rpi-imager --repo https://raw.githubusercontent.com/aosedge/meta-aos-rpi/main/os_list.json
  152  lsusb
  153  minicom -s
  154  sudo dmesg | grep tty
  155  minicom -s
  156  sudo dmesg | grep tty
  157  minicom -s
  158  sudo minicom -s
  159  lsusb
  160  rpi-imager --repo https://raw.githubusercontent.com/aosedge/meta-aos-rpi/main/os_list.json
  161  history
  162  lsblk
  163  udisksctl power-off -b /dev/sda
  164  sudo minicom -s
  165  lsusb
  166  rpi-imager
  167  lsusb
  168  minicom -s
  169  sudo minicom -s
  170  python -m pip install --upgrade pip
  171  python3 -m pip install --upgrade pip
  172  sudo apt update && sudo apt upgrade -y
  173  sudo apt install -y libnss3-tools ca-certificates
  174  python3
  175  python3 -m venv ~/.aos/venv
  176  sudo apt install python3.12-venv
  177  python3 -m venv ~/.aos/venv
  178  ~/.aos/venv/bin/python3 -V
  179  ~/.aos/venv/bin/python3 -m pip install --upgrade aos-keys aos-singer aos-prov
  180  ~/.aos/venv/bin/python3 -m pip install --upgrade aos-keys aos-signer aos-prov
  181  ~/.aos/venv/bin/python3 -m aos_keys install-root
  182  sudo ~/.aos/scripts/install_aos_root_ca.sh
  183  ifconfig
  184  sudo apt install net-tools
  185  ~/.aos/venv/bin/python3 -m aos_keys new-user -d api.aoscloud.io -t 7cdc4fa3e74db9eb4e0b88d7699364aff6802201 --oem
  186  ~/.aos/venv/bin/python3 -m aos_keys new-user -d api.aoscloud.io -t 3ed55a2b854ff2bc93425423077255556f39f6c9 --sp
  187  ls ~/.aos/security/
  188  ~/.aos/venv/bin/python3 -m aos_keys info --oem
  189  ~/.aos/venv/bin/python3 -m aos_keys info --sp
  190  ~/.aos/venv/bin/python3 -m aos_keys info --fleet
  191  ls
  192  ls -a
  193  cd .aos
  194  ls
  195  cd scripts
  196  ls
  197  cd ..
  198  aos-prov provision -u 172.16.1.30
  199  ~/.aos/venv/bin/python3 pip install aos-prov
  200  history
yata@sdmdev2:~$ ~/.aos/venv/bin/python3 -m pip install aos-prov
Requirement already satisfied: aos-prov in ./.aos/venv/lib/python3.12/site-packages (5.1.0)
Requirement already satisfied: aos-keys>=1.7.4 in ./.aos/venv/lib/python3.12/site-packages (from aos-prov) (1.8.0)
Requirement already satisfied: grpcio>=1.44.0 in ./.aos/venv/lib/python3.12/site-packages (from aos-prov) (1.71.0)
Requirement already satisfied: protobuf<=3.20.1,>=3.14 in ./.aos/venv/lib/python3.12/site-packages (from aos-prov) (3.20.1)
Requirement already satisfied: asn1crypto>=1.4.0 in ./.aos/venv/lib/python3.12/site-packages (from aos-prov) (1.5.1)
Requirement already satisfied: rich>=10.13 in ./.aos/venv/lib/python3.12/site-packages (from aos-prov) (14.0.0)
Requirement already satisfied: semver>=3.0.2 in ./.aos/venv/lib/python3.12/site-packages (from aos-prov) (3.0.4)
Requirement already satisfied: requests>=2.27.0 in ./.aos/venv/lib/python3.12/site-packages (from aos-keys>=1.7.4->aos-prov) (2.32.3)
Requirement already satisfied: urllib3 in ./.aos/venv/lib/python3.12/site-packages (from aos-keys>=1.7.4->aos-prov) (2.4.0)
Requirement already satisfied: chardet<6.0.0,>=3.0.2 in ./.aos/venv/lib/python3.12/site-packages (from aos-keys>=1.7.4->aos-prov) (5.2.0)
Requirement already satisfied: cryptography==42.0.4 in ./.aos/venv/lib/python3.12/site-packages (from aos-keys>=1.7.4->aos-prov) (42.0.4)
Requirement already satisfied: cffi>=1.12 in ./.aos/venv/lib/python3.12/site-packages (from cryptography==42.0.4->aos-keys>=1.7.4->aos-prov) (1.17.1)
Requirement already satisfied: markdown-it-py>=2.2.0 in ./.aos/venv/lib/python3.12/site-packages (from rich>=10.13->aos-prov) (3.0.0)
Requirement already satisfied: pygments<3.0.0,>=2.13.0 in ./.aos/venv/lib/python3.12/site-packages (from rich>=10.13->aos-prov) (2.19.1)
Requirement already satisfied: mdurl~=0.1 in ./.aos/venv/lib/python3.12/site-packages (from markdown-it-py>=2.2.0->rich>=10.13->aos-prov) (0.1.2)
Requirement already satisfied: charset-normalizer<4,>=2 in ./.aos/venv/lib/python3.12/site-packages (from requests>=2.27.0->aos-keys>=1.7.4->aos-prov) (3.4.1)
Requirement already satisfied: idna<4,>=2.5 in ./.aos/venv/lib/python3.12/site-packages (from requests>=2.27.0->aos-keys>=1.7.4->aos-prov) (3.10)
Requirement already satisfied: certifi>=2017.4.17 in ./.aos/venv/lib/python3.12/site-packages (from requests>=2.27.0->aos-keys>=1.7.4->aos-prov) (2025.1.31)
Requirement already satisfied: pycparser in ./.aos/venv/lib/python3.12/site-packages (from cffi>=1.12->cryptography==42.0.4->aos-keys>=1.7.4->aos-prov) (2.22)
yata@sdmdev2:~$ aos-prov provision -u 172.16.1.30
aos-prov: command not found
yata@sdmdev2:~$ ~/.aos/venv/bin/python3 -m aos-prov provision -u 172.16.1.30
/home/yata/.aos/venv/bin/python3: No module named aos-prov
yata@sdmdev2:~$ history
    1  ls /home
    2  cd /home/test1
    3  ls -a
    4  ls -a ../yata
    5  cat .bash_logout
    6  cat .bashrc
    7  cd ..
    8  sudo rm -rf /home/test1
    9  ls
   10  cd yata
   11  sudo apt update
   12  exit
   13  sudoapt update
   14  sudo apt update && sudo apt install -y rpi-imager
   15  ssh-keygen -t ed25519 -C m.yata@scsk.jp
   16  ls -l .ssh/
   17  cat .ssh/id_ed25519.pub
   18  ssh -T git@github.com
   19  rpi-imager --repo https://raw.githubusercontent.com/aosedge/meta-aos-rpi/main/os_list.json
   20  sudo apt install jq
   21  curl https://raw.githubusercontent.com/aosedge/meta-aos-rpi/main/os_list.json | jq
   22  mkdir myAosRasp && cd myAosRasp && git clone https://raw.githubusercontent.com/aosedge/meta-aos-rpi.git
   23  git clone https://git@github.com/aosedge/meta-aos-rpi.git
   24  ls
   25  cd ..
   26  ls
   27  mv myAosRasp MyAosRasp
   28  ls
   29  cd MyAosRasp
   30  ls
   31  cd meta-aos-rpi
   32  ls
   33  cat aps-rpi.yaml
   34  cat aos-rpi.yaml
   35  cd ..
   36  git clone https://git@github.com/aosedge/aos-sdk.git
   37  git clone https://git@github.com/aosedge/meta-aos-vm.git
   38  ls
   39  sudo apt install minicom
   40  cd meta-aos-rpi
   41  ls
   42  cat os_list.json
   43  sudo apt install screen
   44  cd ..
   45  git clone https://git@github.com/aosedge/meta-aos-sdk.git
   46  ls
   47  find . -type f -iname "*prov*"
   48  git clone https://git@github.com/aosedge/meta-aos.git
   49  sudo apt install curl wget jq unzip tar gzip wz-utils python3 python3-pip build-essential libssl-dev libncurses5-dev zlib1g-dev device-tree-compiler
   50  sudo apt install curl wget jq unzip tar gzip xz-utils python3 python3-pip build-essential libssl-dev libncurses5-dev zlib1g-dev device-tree-compiler
   51  df -h
   52  sudo apt install docker.io
   53  sudo systemctl enable --now docker
   54  ps
   55  ps -a
   56  sudo usermod -aG docker $USER
   57  reboot
   58  ls
   59  cd meta-aos-rpi
   60  ls
   61  ls scripts
   62  less scripts/image_archive.sh
   63  ls -a
   64  cd doc
   65  ls
   66  cd pictures
   67  ls
   68  sudo install imagemagick
   69  sudo apt install imagemagick
   70  ls
   71  display architecture.svg
   72  display install_step_1.png
   73  cd ..
   74  ls
   75  less build.md
   76  less docker.md
   77  cd ..
   78  ls
   79  cd meta-aos-rpi-domd
   80  ls
   81  tree -l 2
   82  sudo snap install tree
   83  ls 
   84  cd recipes-aos
   85  ls
   86  cd ..
   87  ls
   88  cd conf
   89  ls
   90  cat layer.conf
   91  cd ..
   92  ls
   93  cd ..
   94  ls
   95  cd meta-aos-rpi-install
   96  ls
   97  cd recipes-core
   98  ls
   99  cd images
  100  ls
  101  cat aos-install-initramfs.bb
  102  less aos-install-initramfs.bb
  103  tailscale status
  104  ssh user@100.119.236.109
  105  history
  106  cd
  107  history
  108  less history
  109  history | less
  110  rpi-imager --repo https://raw.githubusercontent.com/aosedge/meta-aos-rpi/main/os_list.json
  111  lsblk
  112  lsusb
  113  rpi-imager --repo https://raw.githubusercontent.com/aosedge/meta-aos-rpi/main/os_list.json
  114  lsblk
  115  sudo fdisk -l /dev/sda
  116  sudo umount /dev/sda1
  117  sudo umount /dev/sda
  118  udiskctl power-off -b /dev/sda
  119  udisksctl power-off -b /dev/sda
  120  df -h
  121  lsblk
  122  sudo fdisk -l /dev/sda
  123  lsblk
  124  rpi-imager --repo https://raw.githubusercontent.com/aosedge/meta-aos-rpi/main/os_list.json
  125  lsusb
  126  df -h
  127  sudo fdisk -l /dev/sda
  128  lsusb
  129  df
  130  lsblk
  131  lsusb
  132  df -h
  133  rpi-imager --repo https://raw.githubusercontent.com/aosedge/meta-aos-rpi/main/os_list.json
  134  sudo apt install nmap
  135  ps -a
  136  kill 63953
  137  lsusb
  138  history
  139  rpi-imager --repo https://raw.githubusercontent.com/aosedge/meta-aos-rpi/main/os_list.json
  140  dmesg | grep tty
  141  sudo dmesg | grep tty
  142  sudo minicom -s
  143  minicom
  144  history
  145  minicom -s
  146  sudo dmesg
  147  sudo dmesg | tty
  148  lsusb
  149  exit
  150  history
  151  rpi-imager --repo https://raw.githubusercontent.com/aosedge/meta-aos-rpi/main/os_list.json
  152  lsusb
  153  minicom -s
  154  sudo dmesg | grep tty
  155  minicom -s
  156  sudo dmesg | grep tty
  157  minicom -s
  158  sudo minicom -s
  159  lsusb
  160  rpi-imager --repo https://raw.githubusercontent.com/aosedge/meta-aos-rpi/main/os_list.json
  161  history
  162  lsblk
  163  udisksctl power-off -b /dev/sda
  164  sudo minicom -s
  165  lsusb
  166  rpi-imager
  167  lsusb
  168  minicom -s
  169  sudo minicom -s
  170  python -m pip install --upgrade pip
  171  python3 -m pip install --upgrade pip
  172  sudo apt update && sudo apt upgrade -y
  173  sudo apt install -y libnss3-tools ca-certificates
  174  python3
  175  python3 -m venv ~/.aos/venv
  176  sudo apt install python3.12-venv
  177  python3 -m venv ~/.aos/venv
  178  ~/.aos/venv/bin/python3 -V
  179  ~/.aos/venv/bin/python3 -m pip install --upgrade aos-keys aos-singer aos-prov
  180  ~/.aos/venv/bin/python3 -m pip install --upgrade aos-keys aos-signer aos-prov
  181  ~/.aos/venv/bin/python3 -m aos_keys install-root
  182  sudo ~/.aos/scripts/install_aos_root_ca.sh
  183  ifconfig
  184  sudo apt install net-tools
  185  ~/.aos/venv/bin/python3 -m aos_keys new-user -d api.aoscloud.io -t 7cdc4fa3e74db9eb4e0b88d7699364aff6802201 --oem
  186  ~/.aos/venv/bin/python3 -m aos_keys new-user -d api.aoscloud.io -t 3ed55a2b854ff2bc93425423077255556f39f6c9 --sp
  187  ls ~/.aos/security/
  188  ~/.aos/venv/bin/python3 -m aos_keys info --oem
  189  ~/.aos/venv/bin/python3 -m aos_keys info --sp
  190  ~/.aos/venv/bin/python3 -m aos_keys info --fleet
  191  ls
  192  ls -a
  193  cd .aos
  194  ls
  195  cd scripts
  196  ls
  197  cd ..
  198  aos-prov provision -u 172.16.1.30
  199  ~/.aos/venv/bin/python3 pip install aos-prov
  200  history
  201  ~/.aos/venv/bin/python3 -m pip install aos-prov
  202  aos-prov provision -u 172.16.1.30
  203  ~/.aos/venv/bin/python3 -m aos-prov provision -u 172.16.1.30
  204  history
yata@sdmdev2:~$ ~/.aos/venv/bin/python3 aos-prov provision -u 172.16.1.30
/home/yata/.aos/venv/bin/python3: can't open file '/home/yata/aos-prov': [Errno 2] No such file or directory
yata@sdmdev2:~$ ~/.aos/venv/bin/python3 -m pip install aos-prov